// Jest Snapshot v1, https://goo.gl/fbAQLP

exports[`App Test should render and match the snapshot 1`] = `
<div>
  <h1>
    Simple Counter App
  </h1>
  <h3>
    Count: 
    0
  </h3>
  <ButtonGroup />
</div>
`;
